// Jest Snapshot v1, https://goo.gl/fbAQLP

exports[`<Button /> should match render snapshot 1`] = `
<button
  className="sc-bdVaJa dMrfZP"
>
  Test
</button>
`;
